npm error Missing script: "test"
npm error
npm error To see a list of scripts, run:
npm error   npm run
npm error A complete log of this run can be found in: /Users/matiasleandrokruk/.npm/_logs/2026-01-16T09_16_37_383Z-debug-0.log
